// Jest Snapshot v1, https://goo.gl/fbAQLP

exports[`<NewPlayer /> should match snapshot 1`] = `
<FormContainer
  formGroups={
    Array [
      Object {
        "field": "first_name",
        "id": "firstName",
        "label": "First Name",
        "type": "text",
      },
      Object {
        "field": "last_name",
        "id": "lastName",
        "label": "Last Name",
        "type": "text",
      },
      Object {
        "field": "rating",
        "id": "rating",
        "label": "Rating",
        "type": "text",
      },
      Object {
        "renderGroup": [Function],
      },
      Object {
        "renderGroup": [Function],
      },
    ]
  }
  history={Object {}}
  submitAction={[Function]}
/>
`;
