// Jest Snapshot v1, https://goo.gl/fbAQLP

exports[`<Roster /> should match snapshot 1`] = `
<Fragment>
  <h2>
    Roster
  </h2>
  <Table
    responsive={true}
    responsiveTag="div"
    tag="table"
  >
    <thead>
      <tr>
        <th
          key="First Name"
        >
          First Name
        </th>
        <th
          key="Last Name"
        >
          Last Name
        </th>
        <th
          key="Handedness"
        >
          Handedness
        </th>
        <th
          key="Rating"
        >
          Rating
        </th>
      </tr>
    </thead>
  </Table>
</Fragment>
`;
